// Jest Snapshot v1, https://goo.gl/fbAQLP

exports[`Book renders correctly should match snapshot 1`] = `null`;
