// Jest Snapshot v1, https://goo.gl/fbAQLP

exports[`results renders correctly 1`] = `
<View>
  <Text>
    Results
  </Text>
</View>
`;
